Default:
0
0
4
4
Colon:
0
4
4
4
Unset:
0
0
4
4
OK
